Loaded local environment from .env.local
2026-01-02 22:49:04 [    INFO] Logger initialized. Log file: logs\test_run_20260102_224904.log
Running tests against: local environment
============================= test session starts =============================
platform win32 -- Python 3.11.8, pytest-7.4.3, pluggy-1.6.0 -- D:\frameworks_hybrid\resume\venv\Scripts\python.exe
cachedir: .pytest_cache
Using --random-order-bucket=global
Using --random-order-seed=981052

rootdir: D:\frameworks_hybrid\resume
configfile: pytest.ini
plugins: allure-pytest-2.13.2, base-url-2.1.0, playwright-0.4.3, random-order-1.1.0, rerunfailures-12.0, timeout-2.2.0, xdist-3.5.0
timeout: 60.0s
timeout method: thread
timeout func_only: False
collecting ... collected 1 item

tests/test_03_flow3_list_items.py::TestFlow3ListItemsAdmin::test_list_001_view_items 2026-01-02 22:49:04 [    INFO] ================================================================================
2026-01-02 22:49:04 [    INFO] TEST SESSION STARTED
2026-01-02 22:49:04 [    INFO] ================================================================================
Deleted old log file: test_run_20260102_215925.log
2026-01-02 22:49:04 [    INFO] Launching browser: chromium
2026-01-02 22:49:04 [    INFO] Headless mode: False
2026-01-02 22:49:05 [    INFO] Setting up authentication states
2026-01-02 22:49:05 [    INFO] Determined 4 users needed for 1 roles across 4 workers
2026-01-02 22:49:05 [    INFO] Need to authenticate 4 users
2026-01-02 22:49:05 [    INFO] Found existing auth state for admin3@test.com
2026-01-02 22:49:05 [    INFO] Reusing valid token for admin3@test.com
2026-01-02 22:49:05 [    INFO] Found existing auth state for admin4@test.com
2026-01-02 22:49:06 [    INFO] Reusing valid token for admin4@test.com
2026-01-02 22:49:06 [    INFO] Found existing auth state for admin1@test.com
2026-01-02 22:49:06 [    INFO] Reusing valid token for admin1@test.com
2026-01-02 22:49:06 [    INFO] Found existing auth state for admin2@test.com
2026-01-02 22:49:06 [    INFO] Reusing valid token for admin2@test.com
2026-01-02 22:49:06 [    INFO] Successfully authenticated 4 users
2026-01-02 22:49:06 [    INFO] Loaded auth state for admin1@test.com
2026-01-02 22:49:06 [    INFO] Setting up seed data for admin1@test.com (per-test)
2026-01-02 22:49:06 [    INFO] Initializing seed data for admin1@test.com (admin)
2026-01-02 22:49:06 [    INFO] Creating item: SEED_Physical_admin1
2026-01-02 22:49:07 [ WARNING] Create item failed (attempt 1/3): 409 Client Error: Conflict for url: http://localhost:3000/api/v1/items
2026-01-02 22:49:09 [ WARNING] Create item failed (attempt 2/3): 409 Client Error: Conflict for url: http://localhost:3000/api/v1/items
2026-01-02 22:49:11 [ WARNING] Create item failed (attempt 3/3): 409 Client Error: Conflict for url: http://localhost:3000/api/v1/items
2026-01-02 22:49:11 [    INFO] Reused existing: SEED_Physical_admin1
2026-01-02 22:49:11 [    INFO] Creating item: SEED_Digital_admin1
2026-01-02 22:49:12 [ WARNING] Create item failed (attempt 1/3): 409 Client Error: Conflict for url: http://localhost:3000/api/v1/items
2026-01-02 22:49:14 [ WARNING] Create item failed (attempt 2/3): 409 Client Error: Conflict for url: http://localhost:3000/api/v1/items
2026-01-02 22:49:15 [ WARNING] Create item failed (attempt 3/3): 409 Client Error: Conflict for url: http://localhost:3000/api/v1/items
2026-01-02 22:49:16 [    INFO] Reused existing: SEED_Digital_admin1
2026-01-02 22:49:16 [    INFO] Creating item: SEED_Service_admin1
2026-01-02 22:49:16 [ WARNING] Create item failed (attempt 1/3): 409 Client Error: Conflict for url: http://localhost:3000/api/v1/items
2026-01-02 22:49:18 [ WARNING] Create item failed (attempt 2/3): 409 Client Error: Conflict for url: http://localhost:3000/api/v1/items
2026-01-02 22:49:20 [ WARNING] Create item failed (attempt 3/3): 409 Client Error: Conflict for url: http://localhost:3000/api/v1/items
2026-01-02 22:49:20 [    INFO] Reused existing: SEED_Service_admin1
2026-01-02 22:49:20 [    INFO] Creating Extended Seed Data for admin1@test.com (Flow 3)
2026-01-02 22:49:20 [    INFO] Creating item: SEED_Unique_Zebra_admin1
2026-01-02 22:49:21 [ WARNING] Create item failed (attempt 1/3): 409 Client Error: Conflict for url: http://localhost:3000/api/v1/items
2026-01-02 22:49:23 [ WARNING] Create item failed (attempt 2/3): 409 Client Error: Conflict for url: http://localhost:3000/api/v1/items
2026-01-02 22:49:24 [ WARNING] Create item failed (attempt 3/3): 409 Client Error: Conflict for url: http://localhost:3000/api/v1/items
2026-01-02 22:49:24 [    INFO] Reused existing: SEED_Unique_Zebra_admin1
2026-01-02 22:49:24 [    INFO] Creating item: SEED_Low_Price_admin1
2026-01-02 22:49:25 [ WARNING] Create item failed (attempt 1/3): 409 Client Error: Conflict for url: http://localhost:3000/api/v1/items
2026-01-02 22:49:27 [ WARNING] Create item failed (attempt 2/3): 409 Client Error: Conflict for url: http://localhost:3000/api/v1/items
2026-01-02 22:49:29 [ WARNING] Create item failed (attempt 3/3): 409 Client Error: Conflict for url: http://localhost:3000/api/v1/items
2026-01-02 22:49:29 [    INFO] Reused existing: SEED_Low_Price_admin1
2026-01-02 22:49:29 [    INFO] Creating item: SEED_High_Price_admin1
2026-01-02 22:49:30 [ WARNING] Create item failed (attempt 1/3): 409 Client Error: Conflict for url: http://localhost:3000/api/v1/items
2026-01-02 22:49:31 [ WARNING] Create item failed (attempt 2/3): 409 Client Error: Conflict for url: http://localhost:3000/api/v1/items
2026-01-02 22:49:33 [ WARNING] Create item failed (attempt 3/3): 409 Client Error: Conflict for url: http://localhost:3000/api/v1/items
2026-01-02 22:49:33 [    INFO] Reused existing: SEED_High_Price_admin1
2026-01-02 22:49:33 [    INFO] Creating item: SEED_Inactive_admin1
2026-01-02 22:49:34 [ WARNING] Create item failed (attempt 1/3): 409 Client Error: Conflict for url: http://localhost:3000/api/v1/items
2026-01-02 22:49:36 [ WARNING] Create item failed (attempt 2/3): 409 Client Error: Conflict for url: http://localhost:3000/api/v1/items
2026-01-02 22:49:37 [ WARNING] Create item failed (attempt 3/3): 409 Client Error: Conflict for url: http://localhost:3000/api/v1/items
2026-01-02 22:49:38 [ WARNING] Could not find existing item: SEED_Inactive_admin1
2026-01-02 22:49:38 [    INFO] Creating item: SEED_Pagination_01_admin1
2026-01-02 22:49:38 [ WARNING] Create item failed (attempt 1/3): 409 Client Error: Conflict for url: http://localhost:3000/api/v1/items
2026-01-02 22:49:41 [ WARNING] Create item failed (attempt 2/3): 409 Client Error: Conflict for url: http://localhost:3000/api/v1/items
2026-01-02 22:49:43 [ WARNING] Create item failed (attempt 3/3): 409 Client Error: Conflict for url: http://localhost:3000/api/v1/items
2026-01-02 22:49:43 [    INFO] Reused existing: SEED_Pagination_01_admin1
2026-01-02 22:49:43 [    INFO] Creating item: SEED_Pagination_02_admin1
2026-01-02 22:49:43 [ WARNING] Create item failed (attempt 1/3): 409 Client Error: Conflict for url: http://localhost:3000/api/v1/items
2026-01-02 22:49:45 [ WARNING] Create item failed (attempt 2/3): 409 Client Error: Conflict for url: http://localhost:3000/api/v1/items
2026-01-02 22:49:47 [ WARNING] Create item failed (attempt 3/3): 409 Client Error: Conflict for url: http://localhost:3000/api/v1/items
2026-01-02 22:49:47 [    INFO] Reused existing: SEED_Pagination_02_admin1
2026-01-02 22:49:47 [    INFO] Creating item: SEED_Pagination_03_admin1
2026-01-02 22:49:48 [ WARNING] Create item failed (attempt 1/3): 409 Client Error: Conflict for url: http://localhost:3000/api/v1/items
2026-01-02 22:49:50 [ WARNING] Create item failed (attempt 2/3): 409 Client Error: Conflict for url: http://localhost:3000/api/v1/items
2026-01-02 22:49:51 [ WARNING] Create item failed (attempt 3/3): 409 Client Error: Conflict for url: http://localhost:3000/api/v1/items
2026-01-02 22:49:51 [    INFO] Reused existing: SEED_Pagination_03_admin1
2026-01-02 22:49:51 [    INFO] Creating item: SEED_Pagination_04_admin1
2026-01-02 22:49:52 [ WARNING] Create item failed (attempt 1/3): 409 Client Error: Conflict for url: http://localhost:3000/api/v1/items
2026-01-02 22:49:54 [ WARNING] Create item failed (attempt 2/3): 409 Client Error: Conflict for url: http://localhost:3000/api/v1/items
2026-01-02 22:49:56 [ WARNING] Create item failed (attempt 3/3): 409 Client Error: Conflict for url: http://localhost:3000/api/v1/items
2026-01-02 22:49:56 [    INFO] Reused existing: SEED_Pagination_04_admin1
2026-01-02 22:49:56 [    INFO] Creating item: SEED_Pagination_05_admin1
2026-01-02 22:49:57 [ WARNING] Create item failed (attempt 1/3): 409 Client Error: Conflict for url: http://localhost:3000/api/v1/items
2026-01-02 22:49:58 [ WARNING] Create item failed (attempt 2/3): 409 Client Error: Conflict for url: http://localhost:3000/api/v1/items
2026-01-02 22:50:00 [ WARNING] Create item failed (attempt 3/3): 409 Client Error: Conflict for url: http://localhost:3000/api/v1/items
2026-01-02 22:50:00 [    INFO] Reused existing: SEED_Pagination_05_admin1
2026-01-02 22:50:00 [    INFO] Creating item: SEED_Pagination_06_admin1
2026-01-02 22:50:01 [ WARNING] Create item failed (attempt 1/3): 409 Client Error: Conflict for url: http://localhost:3000/api/v1/items
2026-01-02 22:50:02 [ WARNING] Create item failed (attempt 2/3): 409 Client Error: Conflict for url: http://localhost:3000/api/v1/items
.\venv\Scripts\python.exe : 
At C:\Users\dhana\AppData\Local\Temp\ps-script-76f8b6ee-2e6b-43e5-960f-f2c3ffe3c9f9.ps1:7 char:34
+ ... id\resume ; .\venv\Scripts\python.exe -m pytest tests/test_03_flow3_l ...
+                 ~~~~~~~~~~~~~~~~~~~~~~~~~~~~~~~~~~~~~~~~~~~~~~~~~~~~~~~~~
    + CategoryInfo          : NotSpecified: (:String) [], RemoteException
    + FullyQualifiedErrorId : NativeCommandError
 
+++++++++++++++++++++++++++++++++++ Timeout ++++++++++++++++++++++++++++++++++++

~~~~~~~~~~~~~~~~~~~~ Stack of Thread-1 (run_server) (41796) ~~~~~~~~~~~~~~~~~~~~
  File "C:\Users\dhana\AppData\Local\Programs\Python\Python311\Lib\threading.py", line 1002, in _bootstrap
    self._bootstrap_inner()
  File "C:\Users\dhana\AppData\Local\Programs\Python\Python311\Lib\threading.py", line 1045, in _bootstrap_inner
    self.run()
  File "C:\Users\dhana\AppData\Local\Programs\Python\Python311\Lib\threading.py", line 982, in run
    self._target(*self._args, **self._kwargs)
  File "D:\frameworks_hybrid\resume\venv\Lib\site-packages\pytest_rerunfailures.py", line 500, in run_server
    conn, _ = self.sock.accept()
  File "C:\Users\dhana\AppData\Local\Programs\Python\Python311\Lib\socket.py", line 294, in accept
    fd, addr = self._accept()

~~~~~~~~~~~~~~~~~~~~~~~~~ Stack of MainThread (38832) ~~~~~~~~~~~~~~~~~~~~~~~~~~
  File "<frozen runpy>", line 198, in _run_module_as_main
  File "<frozen runpy>", line 88, in _run_code
  File "D:\frameworks_hybrid\resume\venv\Lib\site-packages\pytest\__main__.py", line 5, in <module>
    raise SystemExit(pytest.console_main())
  File "D:\frameworks_hybrid\resume\venv\Lib\site-packages\_pytest\config\__init__.py", line 192, in console_main
    code = main()
  File "D:\frameworks_hybrid\resume\venv\Lib\site-packages\_pytest\config\__init__.py", line 169, in main
    ret: Union[ExitCode, int] = config.hook.pytest_cmdline_main(
  File "D:\frameworks_hybrid\resume\venv\Lib\site-packages\pluggy\_hooks.py", line 512, in __call__
    return self._hookexec(self.name, self._hookimpls.copy(), kwargs, firstresult)
  File "D:\frameworks_hybrid\resume\venv\Lib\site-packages\pluggy\_manager.py", line 120, in _hookexec
    return self._inner_hookexec(hook_name, methods, kwargs, firstresult)
  File "D:\frameworks_hybrid\resume\venv\Lib\site-packages\pluggy\_callers.py", line 121, in _multicall
    res = hook_impl.function(*args)
  File "D:\frameworks_hybrid\resume\venv\Lib\site-packages\_pytest\main.py", line 318, in pytest_cmdline_main
    return wrap_session(config, _main)
  File "D:\frameworks_hybrid\resume\venv\Lib\site-packages\_pytest\main.py", line 271, in wrap_session
    session.exitstatus = doit(config, session) or 0
  File "D:\frameworks_hybrid\resume\venv\Lib\site-packages\_pytest\main.py", line 325, in _main
    config.hook.pytest_runtestloop(session=session)
  File "D:\frameworks_hybrid\resume\venv\Lib\site-packages\pluggy\_hooks.py", line 512, in __call__
    return self._hookexec(self.name, self._hookimpls.copy(), kwargs, firstresult)
  File "D:\frameworks_hybrid\resume\venv\Lib\site-packages\pluggy\_manager.py", line 120, in _hookexec
    return self._inner_hookexec(hook_name, methods, kwargs, firstresult)
  File "D:\frameworks_hybrid\resume\venv\Lib\site-packages\pluggy\_callers.py", line 121, in _multicall
    res = hook_impl.function(*args)
  File "D:\frameworks_hybrid\resume\venv\Lib\site-packages\_pytest\main.py", line 350, in pytest_runtestloop
    item.config.hook.pytest_runtest_protocol(item=item, nextitem=nextitem)
  File "D:\frameworks_hybrid\resume\venv\Lib\site-packages\pluggy\_hooks.py", line 512, in __call__
    return self._hookexec(self.name, self._hookimpls.copy(), kwargs, firstresult)
  File "D:\frameworks_hybrid\resume\venv\Lib\site-packages\pluggy\_manager.py", line 120, in _hookexec
    return self._inner_hookexec(hook_name, methods, kwargs, firstresult)
  File "D:\frameworks_hybrid\resume\venv\Lib\site-packages\pluggy\_callers.py", line 121, in _multicall
    res = hook_impl.function(*args)
  File "D:\frameworks_hybrid\resume\venv\Lib\site-packages\pytest_rerunfailures.py", line 608, in 
pytest_runtest_protocol
    reports = runtestprotocol(item, nextitem=nextitem, log=False)
  File "D:\frameworks_hybrid\resume\venv\Lib\site-packages\_pytest\runner.py", line 127, in runtestprotocol
    rep = call_and_report(item, "setup", log)
  File "D:\frameworks_hybrid\resume\venv\Lib\site-packages\_pytest\runner.py", line 222, in call_and_report
    call = call_runtest_hook(item, when, **kwds)
  File "D:\frameworks_hybrid\resume\venv\Lib\site-packages\_pytest\runner.py", line 261, in call_runtest_hook
    return CallInfo.from_call(
  File "D:\frameworks_hybrid\resume\venv\Lib\site-packages\_pytest\runner.py", line 341, in from_call
    result: Optional[TResult] = func()
  File "D:\frameworks_hybrid\resume\venv\Lib\site-packages\_pytest\runner.py", line 262, in <lambda>
    lambda: ihook(item=item, **kwds), when=when, reraise=reraise
  File "D:\frameworks_hybrid\resume\venv\Lib\site-packages\pluggy\_hooks.py", line 512, in __call__
    return self._hookexec(self.name, self._hookimpls.copy(), kwargs, firstresult)
  File "D:\frameworks_hybrid\resume\venv\Lib\site-packages\pluggy\_manager.py", line 120, in _hookexec
    return self._inner_hookexec(hook_name, methods, kwargs, firstresult)
  File "D:\frameworks_hybrid\resume\venv\Lib\site-packages\pluggy\_callers.py", line 121, in _multicall
    res = hook_impl.function(*args)
  File "D:\frameworks_hybrid\resume\venv\Lib\site-packages\_pytest\runner.py", line 157, in pytest_runtest_setup
    item.session._setupstate.setup(item)
  File "D:\frameworks_hybrid\resume\venv\Lib\site-packages\_pytest\runner.py", line 494, in setup
    col.setup()
  File "D:\frameworks_hybrid\resume\venv\Lib\site-packages\_pytest\python.py", line 1795, in setup
    self._request._fillfixtures()
  File "D:\frameworks_hybrid\resume\venv\Lib\site-packages\_pytest\fixtures.py", line 566, in _fillfixtures
    item.funcargs[argname] = self.getfixturevalue(argname)
  File "D:\frameworks_hybrid\resume\venv\Lib\site-packages\_pytest\fixtures.py", line 585, in getfixturevalue
    fixturedef = self._get_active_fixturedef(argname)
  File "D:\frameworks_hybrid\resume\venv\Lib\site-packages\_pytest\fixtures.py", line 607, in _get_active_fixturedef
    self._compute_fixture_value(fixturedef)
  File "D:\frameworks_hybrid\resume\venv\Lib\site-packages\_pytest\fixtures.py", line 693, in _compute_fixture_value
    fixturedef.execute(request=subrequest)
  File "D:\frameworks_hybrid\resume\venv\Lib\site-packages\_pytest\fixtures.py", line 1069, in execute
    result = ihook.pytest_fixture_setup(fixturedef=self, request=request)
  File "D:\frameworks_hybrid\resume\venv\Lib\site-packages\pluggy\_hooks.py", line 512, in __call__
    return self._hookexec(self.name, self._hookimpls.copy(), kwargs, firstresult)
  File "D:\frameworks_hybrid\resume\venv\Lib\site-packages\pluggy\_manager.py", line 120, in _hookexec
    return self._inner_hookexec(hook_name, methods, kwargs, firstresult)
  File "D:\frameworks_hybrid\resume\venv\Lib\site-packages\pluggy\_callers.py", line 121, in _multicall
    res = hook_impl.function(*args)
  File "D:\frameworks_hybrid\resume\venv\Lib\site-packages\_pytest\fixtures.py", line 1123, in pytest_fixture_setup
    result = call_fixture_func(fixturefunc, request, kwargs)
  File "D:\frameworks_hybrid\resume\venv\Lib\site-packages\_pytest\fixtures.py", line 902, in call_fixture_func
    fixture_result = fixturefunc(**kwargs)
  File "D:\frameworks_hybrid\resume\tests\conftest.py", line 248, in test_context
    seed_items = SeedDataManager.create_seed_items_for_user(user_email, token)
  File "D:\frameworks_hybrid\resume\utils\seed_data_manager.py", line 194, in create_seed_items_for_user
    SeedDataManager._create_safe(
  File "D:\frameworks_hybrid\resume\utils\seed_data_manager.py", line 212, in _create_safe
    response = client.create_item(item_data)
  File "D:\frameworks_hybrid\resume\utils\api_client.py", line 212, in create_item
    response = self.session.post(
  File "D:\frameworks_hybrid\resume\venv\Lib\site-packages\requests\sessions.py", line 637, in post
    return self.request("POST", url, data=data, json=json, **kwargs)
  File "D:\frameworks_hybrid\resume\venv\Lib\site-packages\requests\sessions.py", line 589, in request
    resp = self.send(prep, **send_kwargs)
  File "D:\frameworks_hybrid\resume\venv\Lib\site-packages\requests\sessions.py", line 703, in send
    r = adapter.send(request, **kwargs)
  File "D:\frameworks_hybrid\resume\venv\Lib\site-packages\requests\adapters.py", line 486, in send
    resp = conn.urlopen(
  File "D:\frameworks_hybrid\resume\venv\Lib\site-packages\urllib3\connectionpool.py", line 787, in urlopen
    response = self._make_request(
  File "D:\frameworks_hybrid\resume\venv\Lib\site-packages\urllib3\connectionpool.py", line 534, in _make_request
    response = conn.getresponse()
  File "D:\frameworks_hybrid\resume\venv\Lib\site-packages\urllib3\connection.py", line 571, in getresponse
    httplib_response = super().getresponse()
  File "C:\Users\dhana\AppData\Local\Programs\Python\Python311\Lib\http\client.py", line 1390, in getresponse
    response.begin()
  File "C:\Users\dhana\AppData\Local\Programs\Python\Python311\Lib\http\client.py", line 325, in begin
    version, status, reason = self._read_status()
  File "C:\Users\dhana\AppData\Local\Programs\Python\Python311\Lib\http\client.py", line 286, in _read_status
    line = str(self.fp.readline(_MAXLINE + 1), "iso-8859-1")
  File "C:\Users\dhana\AppData\Local\Programs\Python\Python311\Lib\socket.py", line 706, in readinto
    return self._sock.recv_into(b)

+++++++++++++++++++++++++++++++++++ Timeout ++++++++++++++++++++++++++++++++++++
