Loaded local environment from .env.local
2026-01-02 22:47:21 [    INFO] Logger initialized. Log file: logs\test_run_20260102_224721.log
Running tests against: local environment
============================= test session starts =============================
platform win32 -- Python 3.11.8, pytest-7.4.3, pluggy-1.6.0 -- D:\frameworks_hybrid\resume\venv\Scripts\python.exe
cachedir: .pytest_cache
Using --random-order-bucket=global
Using --random-order-seed=536547

rootdir: D:\frameworks_hybrid\resume
configfile: pytest.ini
plugins: allure-pytest-2.13.2, base-url-2.1.0, playwright-0.4.3, random-order-1.1.0, rerunfailures-12.0, timeout-2.2.0, xdist-3.5.0
timeout: 60.0s
timeout method: thread
timeout func_only: False
collecting ... collected 1 item

tests/test_03_flow3_list_items.py::TestFlow3ListItems::test_list_001_view_items_list_admin 2026-01-02 22:47:21 [    INFO] ================================================================================
2026-01-02 22:47:21 [    INFO] TEST SESSION STARTED
2026-01-02 22:47:21 [    INFO] ================================================================================
Deleted old log file: test_run_20260102_215854.log
2026-01-02 22:47:21 [    INFO] Launching browser: chromium
2026-01-02 22:47:21 [    INFO] Headless mode: False
2026-01-02 22:47:22 [    INFO] Setting up authentication states
2026-01-02 22:47:22 [    INFO] Determined 4 users needed for 1 roles across 4 workers
2026-01-02 22:47:22 [    INFO] Need to authenticate 4 users
2026-01-02 22:47:22 [    INFO] Found existing auth state for admin1@test.com
2026-01-02 22:47:22 [    INFO] Reusing valid token for admin1@test.com
2026-01-02 22:47:22 [    INFO] Found existing auth state for admin2@test.com
2026-01-02 22:47:22 [    INFO] Reusing valid token for admin2@test.com
2026-01-02 22:47:22 [    INFO] Found existing auth state for admin3@test.com
2026-01-02 22:47:22 [    INFO] Reusing valid token for admin3@test.com
2026-01-02 22:47:22 [    INFO] Found existing auth state for admin4@test.com
2026-01-02 22:47:22 [    INFO] Reusing valid token for admin4@test.com
2026-01-02 22:47:22 [    INFO] Successfully authenticated 4 users
2026-01-02 22:47:23 [    INFO] Loaded auth state for admin1@test.com
2026-01-02 22:47:23 [    INFO] Setting up seed data for admin1@test.com (per-test)
2026-01-02 22:47:23 [    INFO] Initializing seed data for admin1@test.com (admin)
2026-01-02 22:47:23 [    INFO] Creating item: SEED_Physical_admin1
2026-01-02 22:47:24 [ WARNING] Create item failed (attempt 1/3): 409 Client Error: Conflict for url: http://localhost:3000/api/v1/items
2026-01-02 22:47:25 [ WARNING] Create item failed (attempt 2/3): 409 Client Error: Conflict for url: http://localhost:3000/api/v1/items
2026-01-02 22:47:27 [ WARNING] Create item failed (attempt 3/3): 409 Client Error: Conflict for url: http://localhost:3000/api/v1/items
2026-01-02 22:47:27 [    INFO] Reused existing: SEED_Physical_admin1
2026-01-02 22:47:27 [    INFO] Creating item: SEED_Digital_admin1
2026-01-02 22:47:28 [ WARNING] Create item failed (attempt 1/3): 409 Client Error: Conflict for url: http://localhost:3000/api/v1/items
2026-01-02 22:47:30 [ WARNING] Create item failed (attempt 2/3): 409 Client Error: Conflict for url: http://localhost:3000/api/v1/items
2026-01-02 22:47:31 [ WARNING] Create item failed (attempt 3/3): 409 Client Error: Conflict for url: http://localhost:3000/api/v1/items
2026-01-02 22:47:31 [    INFO] Reused existing: SEED_Digital_admin1
2026-01-02 22:47:31 [    INFO] Creating item: SEED_Service_admin1
2026-01-02 22:47:32 [ WARNING] Create item failed (attempt 1/3): 409 Client Error: Conflict for url: http://localhost:3000/api/v1/items
2026-01-02 22:47:34 [ WARNING] Create item failed (attempt 2/3): 409 Client Error: Conflict for url: http://localhost:3000/api/v1/items
2026-01-02 22:47:35 [ WARNING] Create item failed (attempt 3/3): 409 Client Error: Conflict for url: http://localhost:3000/api/v1/items
2026-01-02 22:47:36 [    INFO] Reused existing: SEED_Service_admin1
2026-01-02 22:47:36 [    INFO] Creating Extended Seed Data for admin1@test.com (Flow 3)
2026-01-02 22:47:36 [    INFO] Creating item: SEED_Unique_Zebra_admin1
2026-01-02 22:47:36 [ WARNING] Create item failed (attempt 1/3): 409 Client Error: Conflict for url: http://localhost:3000/api/v1/items
2026-01-02 22:47:38 [ WARNING] Create item failed (attempt 2/3): 409 Client Error: Conflict for url: http://localhost:3000/api/v1/items
2026-01-02 22:47:40 [ WARNING] Create item failed (attempt 3/3): 409 Client Error: Conflict for url: http://localhost:3000/api/v1/items
2026-01-02 22:47:40 [    INFO] Reused existing: SEED_Unique_Zebra_admin1
2026-01-02 22:47:40 [    INFO] Creating item: SEED_Low_Price_admin1
2026-01-02 22:47:41 [ WARNING] Create item failed (attempt 1/3): 409 Client Error: Conflict for url: http://localhost:3000/api/v1/items
2026-01-02 22:47:42 [ WARNING] Create item failed (attempt 2/3): 409 Client Error: Conflict for url: http://localhost:3000/api/v1/items
2026-01-02 22:47:44 [ WARNING] Create item failed (attempt 3/3): ('Connection aborted.', ConnectionResetError(10054, 'An existing connection was forcibly closed by the remote host', None, 10054, None))
2026-01-02 22:47:44 [ WARNING] Failed to create SEED_Low_Price_admin1: API call failed: /items (status: 0) - ('Connection aborted.', ConnectionResetError(10054, 'An existi
2026-01-02 22:47:44 [    INFO] Creating item: SEED_High_Price_admin1
2026-01-02 22:47:48 [ WARNING] Create item failed (attempt 1/3): HTTPConnectionPool(host='localhost', port=3000): Max retries exceeded with url: /api/v1/items (Caused by NewConnectionError("HTTPConnection(host='localhost', port=3000): Failed to establish a new connection: [WinError 10061] No connection could be made because the target machine actively refused it"))
2026-01-02 22:47:51 [ WARNING] Create item failed (attempt 2/3): 409 Client Error: Conflict for url: http://localhost:3000/api/v1/items
2026-01-02 22:47:52 [ WARNING] Create item failed (attempt 3/3): 409 Client Error: Conflict for url: http://localhost:3000/api/v1/items
2026-01-02 22:47:53 [    INFO] Reused existing: SEED_High_Price_admin1
2026-01-02 22:47:53 [    INFO] Creating item: SEED_Inactive_admin1
2026-01-02 22:47:53 [ WARNING] Create item failed (attempt 1/3): 409 Client Error: Conflict for url: http://localhost:3000/api/v1/items
2026-01-02 22:47:55 [ WARNING] Create item failed (attempt 2/3): 409 Client Error: Conflict for url: http://localhost:3000/api/v1/items
2026-01-02 22:47:57 [ WARNING] Create item failed (attempt 3/3): 409 Client Error: Conflict for url: http://localhost:3000/api/v1/items
2026-01-02 22:47:57 [ WARNING] Could not find existing item: SEED_Inactive_admin1
2026-01-02 22:47:57 [    INFO] Creating item: SEED_Pagination_01_admin1
2026-01-02 22:47:57 [ WARNING] Create item failed (attempt 1/3): 409 Client Error: Conflict for url: http://localhost:3000/api/v1/items
